
===== START 22001611_2 =====
[plasmidfinder] already completed
[mob_suite] already completed
[mge_cluster] already completed
[resfinder] already completed
[amrfinder] already completed
[card] already completed
combining outputs
FATAL ERROR: DataFrame.__init__() got an unexpected keyword argument 'axis'
PIPELINE FAILED FOR THIS SAMPLE

===== START 22001611_2 =====
[plasmidfinder] already completed
[mob_suite] already completed
[mge_cluster] already completed
[resfinder] already completed
[amrfinder] already completed
[card] already completed
combining outputsGetting length + GC%
FATAL ERROR: Length of values (2) does not match length of index (1)
PIPELINE FAILED FOR THIS SAMPLE

===== START 22001611_2 =====
[plasmidfinder] already completed
[mob_suite] already completed
[mge_cluster] already completed
[resfinder] already completed
[amrfinder] already completed
[card] already completed
combining outputs...
Getting length + GC%

FATAL ERROR: Length of values (2) does not match length of index (1)
PIPELINE FAILED FOR THIS SAMPLE

===== START 22001611_2 =====
[plasmidfinder] already completed
[mob_suite] already completed
[mge_cluster] already completed
[resfinder] already completed
[amrfinder] already completed
[card] already completed
combining outputs...
Getting length + GC%

FATAL ERROR: Length of values (2) does not match length of index (1)
PIPELINE FAILED FOR THIS SAMPLE

===== START 22001611_2 =====
[plasmidfinder] already completed
[mob_suite] already completed
[mge_cluster] already completed
[resfinder] already completed
[amrfinder] already completed
[card] already completed
combining outputs...

FATAL ERROR: Shape of passed values is (12, 1), indices imply (12, 12)
PIPELINE FAILED FOR THIS SAMPLE

===== START 22001611_2 =====
[plasmidfinder] already completed
[mob_suite] already completed
[mge_cluster] already completed
[resfinder] already completed
[amrfinder] already completed
[card] already completed
combining outputs...

FATAL ERROR: If using all scalar values, you must pass an index
PIPELINE FAILED FOR THIS SAMPLE

===== START 22001611_2 =====
[plasmidfinder] already completed
[mob_suite] already completed
[mge_cluster] already completed
[resfinder] already completed
[amrfinder] already completed
[card] already completed
combining outputs...
Getting length + GC%

FATAL ERROR: Length of values (2) does not match length of index (1)
PIPELINE FAILED FOR THIS SAMPLE

===== START 22001611_2 =====
[plasmidfinder] already completed
[mob_suite] already completed
[mge_cluster] already completed
[resfinder] already completed
[amrfinder] already completed
[card] already completed
combining outputs...
Getting length + GC%

FATAL ERROR: Length of values (2) does not match length of index (1)
PIPELINE FAILED FOR THIS SAMPLE

===== START 22001611_2 =====
[plasmidfinder] already completed
[mob_suite] already completed
[mge_cluster] already completed
[resfinder] already completed
[amrfinder] already completed
[card] already completed
combining outputs...
Getting length + GC%

FATAL ERROR: Length of values (2) does not match length of index (1)
PIPELINE FAILED FOR THIS SAMPLE

===== START 22001611_2 =====
[plasmidfinder] already completed
[mob_suite] already completed
[mge_cluster] already completed
[resfinder] already completed
[amrfinder] already completed
[card] already completed
combining outputs...
Getting length + GC%
Highlighting Carbapenemases
===== END 22001611_2 =====

===== START 22001611_2 =====
[plasmidfinder] already completed
[mob_suite] already completed
[mge_cluster] already completed
[resfinder] already completed
[amrfinder] already completed
combining outputs...
Getting length + GC%
Highlighting Carbapenemases
===== END 22001611_2 =====

===== START 22001611_2 =====
[plasmidfinder] already completed
[mob_suite] already completed
[mge_cluster] already completed
[resfinder] already completed
[amrfinder] already completed
combining outputs...
Getting length + GC%
Highlighting Carbapenemases
===== END 22001611_2 =====

===== START 22001611_2 =====
[plasmidfinder] already completed
[mob_suite] already completed
[mge_cluster] already completed
[resfinder] already completed
[amrfinder] already completed
combining outputs...
Getting length + GC%
Highlighting Carbapenemases
===== END 22001611_2 =====

===== START 22001611_2 =====
[plasmidfinder] already completed
[mob_suite] already completed
[mge_cluster] already completed
[resfinder] already completed
[amrfinder] already completed

FATAL ERROR: (slice(None, None, None), 'db')
PIPELINE FAILED FOR THIS SAMPLE

===== START 22001611_2 =====
[plasmidfinder] already completed
[mob_suite] already completed
[mge_cluster] already completed
[resfinder] already completed
[amrfinder] already completed

FATAL ERROR: (slice(None, None, None), 'db')
PIPELINE FAILED FOR THIS SAMPLE

===== START 22001611_2 =====
[plasmidfinder] already completed
[mob_suite] already completed
[mge_cluster] already completed
[resfinder] already completed
[amrfinder] already completed
[card] already completed

FATAL ERROR: (slice(None, None, None), 'db')
PIPELINE FAILED FOR THIS SAMPLE
